// Jest Snapshot v1, https://goo.gl/fbAQLP

exports[`<TextField /> should render correctly with an accessible error 1`] = `
.c0 .c2 {
  border: 1px solid #FF6347;
}

.c0 .c2:focus-within {
  border: 2px solid #FF6347;
  box-shadow: none;
}

.c1 {
  font-size: 1.4rem;
  color: #030517;
  cursor: pointer;
}

.c3 {
  display: -webkit-box;
  display: -webkit-flex;
  display: -ms-flexbox;
  display: flex;
  background: #EAEAEA;
  border-radius: 0.2rem;
  padding: 0 0.8rem;
  border: 0.2rem solid;
  border-color: #EAEAEA;
  -webkit-transition: box-shadow 0.3s ease-in-out;
  transition: box-shadow 0.3s ease-in-out;
}

.c3:focus-within {
  border: 1px solid #F231A5;
}

.c4 {
  color: #030517;
  font-family: Poppins,-apple-system,BlinkMacSystemFont,'Segoe UI',Roboto,Oxygen,Ubuntu,Cantarell,'Open Sans','Helvetica Neue',sans-serif;
  font-size: 1.6rem;
  padding: 0.8rem;
  background: transparent;
  border: 0;
  outline: none;
  width: 100%;
}

.c5 {
  color: #FF6347;
  font-size: 1.2rem;
}

<div
  class="c0"
>
  <label
    class="c1"
    for="email"
  >
    Label
  </label>
  <div
    class="c2 c3"
  >
    <input
      aria-disabled="false"
      aria-errormessage="email-error"
      aria-invalid="true"
      class="c4"
      id="email"
      type="text"
      value=""
    />
  </div>
  <span
    class="c5"
    id="email-error"
  >
    Please fill out this field
  </span>
</div>
`;
